// Jest Snapshot v1, https://goo.gl/fbAQLP

exports[`Home component Home component render 1`] = `
<div>
  Home
</div>
`;
