// Jest Snapshot v1, https://goo.gl/fbAQLP

exports[`OrderHistory component OrderHistory component render 1`] = `
<div
  className="item"
>
  <h3>
    here will be the order history
  </h3>
</div>
`;
