// Jest Snapshot v1, https://goo.gl/fbAQLP

exports[`Page404 component Page404 component render 1`] = `
<div>
  Ooops, can't find that page. ERROR 404
</div>
`;
