// Jest Snapshot v1, https://goo.gl/fbAQLP

exports[`store component store component render 1`] = `<store />`;
